// Jest Snapshot v1, https://goo.gl/fbAQLP

exports[`Input Component Should be able to click outside the input and trigger blur 1`] = `
.c0 {
  position: absolute;
  left: 1rem;
  top: 35%;
  padding: 0 .5rem;
  margin-left: -.5rem;
  color: #999EA7;
  cursor: text;
  -webkit-transition: top 200ms ease-in, left 200ms ease-in, font-size 200ms ease-in;
  transition: top 200ms ease-in, left 200ms ease-in, font-size 200ms ease-in;
  color: #E73A33;
}

<label
  class="c0"
  data-testid="input-label"
>
  Label
</label>
`;

exports[`Input Component Should be able to match a snapshot with false parameter 1`] = `
.c0 {
  box-sizing: border-box;
  position: relative;
  width: auto;
  height: 48px;
}

<div
  class="c0"
/>
`;

exports[`Input Component Should be able to match a snapshot with true parameter 1`] = `
.c0 {
  box-sizing: border-box;
  position: relative;
  width: auto;
  height: 48px;
}

<div
  class="c0"
/>
`;
