// Jest Snapshot v1, https://goo.gl/fbAQLP

exports[`Input Component Should be able to match a snapshot with false parameter 1`] = `
.c0 {
  position: relative;
  width: auto;
  height: 48px;
}

<div
  class="c0"
/>
`;

exports[`Input Component Should be able to match a snapshot with true parameter 1`] = `
.c0 {
  position: relative;
  width: auto;
  height: 48px;
}

<div
  class="c0"
/>
`;
